---
source: tests/transform.rs
expression: element.transform()
---
Element {
    tag: Native(
        "div",
    ),
    attrs: [
        Attr {
            key: Attr(
                "class",
            ),
            value: Lit(
                Str(
                    Str {
                        span: Span {
                            lo: BytePos(
                                12,
                            ),
                            hi: BytePos(
                                15,
                            ),
                            ctxt: #0,
                        },
                        value: Atom('1' type=inline),
                        raw: Some(
                            "\"1\"",
                        ),
                    },
                ),
            ),
        },
    ],
    children: [],
    raw: JSXElement {
        span: Span {
            lo: BytePos(
                1,
            ),
            hi: BytePos(
                22,
            ),
            ctxt: #0,
        },
        opening: JSXOpeningElement {
            name: Ident(
                Ident {
                    span: Span {
                        lo: BytePos(
                            2,
                        ),
                        hi: BytePos(
                            5,
                        ),
                        ctxt: #0,
                    },
                    sym: Atom('div' type=static),
                    optional: false,
                },
            ),
            span: Span {
                lo: BytePos(
                    1,
                ),
                hi: BytePos(
                    16,
                ),
                ctxt: #0,
            },
            attrs: [
                JSXAttr(
                    JSXAttr {
                        span: Span {
                            lo: BytePos(
                                6,
                            ),
                            hi: BytePos(
                                15,
                            ),
                            ctxt: #0,
                        },
                        name: Ident(
                            Ident {
                                span: Span {
                                    lo: BytePos(
                                        6,
                                    ),
                                    hi: BytePos(
                                        11,
                                    ),
                                    ctxt: #0,
                                },
                                sym: Atom('class' type=static),
                                optional: false,
                            },
                        ),
                        value: Some(
                            Lit(
                                Str(
                                    Str {
                                        span: Span {
                                            lo: BytePos(
                                                12,
                                            ),
                                            hi: BytePos(
                                                15,
                                            ),
                                            ctxt: #0,
                                        },
                                        value: Atom('1' type=inline),
                                        raw: Some(
                                            "\"1\"",
                                        ),
                                    },
                                ),
                            ),
                        ),
                    },
                ),
            ],
            self_closing: false,
            type_args: None,
        },
        children: [],
        closing: Some(
            JSXClosingElement {
                span: Span {
                    lo: BytePos(
                        16,
                    ),
                    hi: BytePos(
                        22,
                    ),
                    ctxt: #0,
                },
                name: Ident(
                    Ident {
                        span: Span {
                            lo: BytePos(
                                18,
                            ),
                            hi: BytePos(
                                21,
                            ),
                            ctxt: #0,
                        },
                        sym: Atom('div' type=static),
                        optional: false,
                    },
                ),
            },
        ),
    },
    is_static: true,
}
