---
source: tests/transform.rs
expression: element.transform()
---
Element {
    tag: Native(
        "div",
    ),
    attrs: [
        Attr {
            key: Attr(
                "class",
            ),
            value: Lit(
                Str(
                    Str {
                        span: Span {
                            lo: BytePos(
                                17,
                            ),
                            hi: BytePos(
                                23,
                            ),
                            ctxt: #0,
                        },
                        value: Atom('cls1' type=inline),
                        raw: Some(
                            "\"cls1\"",
                        ),
                    },
                ),
            ),
        },
        Attr {
            key: Attr(
                "style",
            ),
            value: Lit(
                Str(
                    Str {
                        span: Span {
                            lo: BytePos(
                                30,
                            ),
                            hi: BytePos(
                                54,
                            ),
                            ctxt: #0,
                        },
                        value: Atom('background-color: red;' type=dynamic),
                        raw: Some(
                            "\"background-color: red;\"",
                        ),
                    },
                ),
            ),
        },
    ],
    children: [
        Element(
            Element {
                tag: Native(
                    "div",
                ),
                attrs: [
                    Attr {
                        key: Attr(
                            "id",
                        ),
                        value: Lit(
                            Str(
                                Str {
                                    span: Span {
                                        lo: BytePos(
                                            70,
                                        ),
                                        hi: BytePos(
                                            82,
                                        ),
                                        ctxt: #0,
                                    },
                                    value: Atom('firstChild' type=dynamic),
                                    raw: Some(
                                        "\"firstChild\"",
                                    ),
                                },
                            ),
                        ),
                    },
                ],
                children: [],
                raw: JSXElement {
                    span: Span {
                        lo: BytePos(
                            62,
                        ),
                        hi: BytePos(
                            89,
                        ),
                        ctxt: #0,
                    },
                    opening: JSXOpeningElement {
                        name: Ident(
                            Ident {
                                span: Span {
                                    lo: BytePos(
                                        63,
                                    ),
                                    hi: BytePos(
                                        66,
                                    ),
                                    ctxt: #0,
                                },
                                sym: Atom('div' type=static),
                                optional: false,
                            },
                        ),
                        span: Span {
                            lo: BytePos(
                                62,
                            ),
                            hi: BytePos(
                                83,
                            ),
                            ctxt: #0,
                        },
                        attrs: [
                            JSXAttr(
                                JSXAttr {
                                    span: Span {
                                        lo: BytePos(
                                            67,
                                        ),
                                        hi: BytePos(
                                            82,
                                        ),
                                        ctxt: #0,
                                    },
                                    name: Ident(
                                        Ident {
                                            span: Span {
                                                lo: BytePos(
                                                    67,
                                                ),
                                                hi: BytePos(
                                                    69,
                                                ),
                                                ctxt: #0,
                                            },
                                            sym: Atom('id' type=static),
                                            optional: false,
                                        },
                                    ),
                                    value: Some(
                                        Lit(
                                            Str(
                                                Str {
                                                    span: Span {
                                                        lo: BytePos(
                                                            70,
                                                        ),
                                                        hi: BytePos(
                                                            82,
                                                        ),
                                                        ctxt: #0,
                                                    },
                                                    value: Atom('firstChild' type=dynamic),
                                                    raw: Some(
                                                        "\"firstChild\"",
                                                    ),
                                                },
                                            ),
                                        ),
                                    ),
                                },
                            ),
                        ],
                        self_closing: false,
                        type_args: None,
                    },
                    children: [],
                    closing: Some(
                        JSXClosingElement {
                            span: Span {
                                lo: BytePos(
                                    83,
                                ),
                                hi: BytePos(
                                    89,
                                ),
                                ctxt: #0,
                            },
                            name: Ident(
                                Ident {
                                    span: Span {
                                        lo: BytePos(
                                            85,
                                        ),
                                        hi: BytePos(
                                            88,
                                        ),
                                        ctxt: #0,
                                    },
                                    sym: Atom('div' type=static),
                                    optional: false,
                                },
                            ),
                        },
                    ),
                },
                is_static: true,
            },
        ),
    ],
    raw: JSXElement {
        span: Span {
            lo: BytePos(
                6,
            ),
            hi: BytePos(
                100,
            ),
            ctxt: #0,
        },
        opening: JSXOpeningElement {
            name: Ident(
                Ident {
                    span: Span {
                        lo: BytePos(
                            7,
                        ),
                        hi: BytePos(
                            10,
                        ),
                        ctxt: #0,
                    },
                    sym: Atom('div' type=static),
                    optional: false,
                },
            ),
            span: Span {
                lo: BytePos(
                    6,
                ),
                hi: BytePos(
                    55,
                ),
                ctxt: #0,
            },
            attrs: [
                JSXAttr(
                    JSXAttr {
                        span: Span {
                            lo: BytePos(
                                11,
                            ),
                            hi: BytePos(
                                23,
                            ),
                            ctxt: #0,
                        },
                        name: Ident(
                            Ident {
                                span: Span {
                                    lo: BytePos(
                                        11,
                                    ),
                                    hi: BytePos(
                                        16,
                                    ),
                                    ctxt: #0,
                                },
                                sym: Atom('class' type=static),
                                optional: false,
                            },
                        ),
                        value: Some(
                            Lit(
                                Str(
                                    Str {
                                        span: Span {
                                            lo: BytePos(
                                                17,
                                            ),
                                            hi: BytePos(
                                                23,
                                            ),
                                            ctxt: #0,
                                        },
                                        value: Atom('cls1' type=inline),
                                        raw: Some(
                                            "\"cls1\"",
                                        ),
                                    },
                                ),
                            ),
                        ),
                    },
                ),
                JSXAttr(
                    JSXAttr {
                        span: Span {
                            lo: BytePos(
                                24,
                            ),
                            hi: BytePos(
                                54,
                            ),
                            ctxt: #0,
                        },
                        name: Ident(
                            Ident {
                                span: Span {
                                    lo: BytePos(
                                        24,
                                    ),
                                    hi: BytePos(
                                        29,
                                    ),
                                    ctxt: #0,
                                },
                                sym: Atom('style' type=static),
                                optional: false,
                            },
                        ),
                        value: Some(
                            Lit(
                                Str(
                                    Str {
                                        span: Span {
                                            lo: BytePos(
                                                30,
                                            ),
                                            hi: BytePos(
                                                54,
                                            ),
                                            ctxt: #0,
                                        },
                                        value: Atom('background-color: red;' type=dynamic),
                                        raw: Some(
                                            "\"background-color: red;\"",
                                        ),
                                    },
                                ),
                            ),
                        ),
                    },
                ),
            ],
            self_closing: false,
            type_args: None,
        },
        children: [
            JSXText(
                JSXText {
                    span: Span {
                        lo: BytePos(
                            55,
                        ),
                        hi: BytePos(
                            62,
                        ),
                        ctxt: #0,
                    },
                    value: "\n\n      ",
                    raw: "\n\n      ",
                },
            ),
            JSXElement(
                JSXElement {
                    span: Span {
                        lo: BytePos(
                            62,
                        ),
                        hi: BytePos(
                            89,
                        ),
                        ctxt: #0,
                    },
                    opening: JSXOpeningElement {
                        name: Ident(
                            Ident {
                                span: Span {
                                    lo: BytePos(
                                        63,
                                    ),
                                    hi: BytePos(
                                        66,
                                    ),
                                    ctxt: #0,
                                },
                                sym: Atom('div' type=static),
                                optional: false,
                            },
                        ),
                        span: Span {
                            lo: BytePos(
                                62,
                            ),
                            hi: BytePos(
                                83,
                            ),
                            ctxt: #0,
                        },
                        attrs: [
                            JSXAttr(
                                JSXAttr {
                                    span: Span {
                                        lo: BytePos(
                                            67,
                                        ),
                                        hi: BytePos(
                                            82,
                                        ),
                                        ctxt: #0,
                                    },
                                    name: Ident(
                                        Ident {
                                            span: Span {
                                                lo: BytePos(
                                                    67,
                                                ),
                                                hi: BytePos(
                                                    69,
                                                ),
                                                ctxt: #0,
                                            },
                                            sym: Atom('id' type=static),
                                            optional: false,
                                        },
                                    ),
                                    value: Some(
                                        Lit(
                                            Str(
                                                Str {
                                                    span: Span {
                                                        lo: BytePos(
                                                            70,
                                                        ),
                                                        hi: BytePos(
                                                            82,
                                                        ),
                                                        ctxt: #0,
                                                    },
                                                    value: Atom('firstChild' type=dynamic),
                                                    raw: Some(
                                                        "\"firstChild\"",
                                                    ),
                                                },
                                            ),
                                        ),
                                    ),
                                },
                            ),
                        ],
                        self_closing: false,
                        type_args: None,
                    },
                    children: [],
                    closing: Some(
                        JSXClosingElement {
                            span: Span {
                                lo: BytePos(
                                    83,
                                ),
                                hi: BytePos(
                                    89,
                                ),
                                ctxt: #0,
                            },
                            name: Ident(
                                Ident {
                                    span: Span {
                                        lo: BytePos(
                                            85,
                                        ),
                                        hi: BytePos(
                                            88,
                                        ),
                                        ctxt: #0,
                                    },
                                    sym: Atom('div' type=static),
                                    optional: false,
                                },
                            ),
                        },
                    ),
                },
            ),
            JSXText(
                JSXText {
                    span: Span {
                        lo: BytePos(
                            89,
                        ),
                        hi: BytePos(
                            94,
                        ),
                        ctxt: #0,
                    },
                    value: "\n\n    ",
                    raw: "\n\n    ",
                },
            ),
        ],
        closing: Some(
            JSXClosingElement {
                span: Span {
                    lo: BytePos(
                        94,
                    ),
                    hi: BytePos(
                        100,
                    ),
                    ctxt: #0,
                },
                name: Ident(
                    Ident {
                        span: Span {
                            lo: BytePos(
                                96,
                            ),
                            hi: BytePos(
                                99,
                            ),
                            ctxt: #0,
                        },
                        sym: Atom('div' type=static),
                        optional: false,
                    },
                ),
            },
        ),
    },
    is_static: true,
}
